
as12, an absolute assembler for Motorola MCU's, version 1.2h

0010                    N       equ     16
1500                            org     $1500
1500                    num     rmb     2
1505                            org     $1505
1505                    count   rmb     1       ; 1s count
2000                            org     $2000   ; program start
2000 18 03 12 34 15 00          movw    #$1234,$1500
2006 79 15 05                   clr     count   ; count = 0
2009 ce 00 10                   ldx     #N      ; initialize loop counter to 16
200c fc 15 00                   ldd     num     ; D = $1500
200f 49                 loop    lsrd            ; logical right shift D
2010 24 03                      bcc     zero    ; branch to zero if carry flag = 0
2012 72 15 05                   inc     count   ; increment 1s counter
2015 04 35 f7           zero    dbne    X, loop ; decrement X, branch if X == 0
2018 3f                         swi
                                end
                                

Executed: Fri Feb 24 14:25:05 2017
Total cycles: 37, Total bytes: 25
Total errors: 0, Total warnings: 0
